{"level":"info","message":"Connected to the database successfully","service":"quiz-api","timestamp":"2025-12-04 08:21:31"}
{"level":"info","message":"Quiz API server is running on port 5000 in development mode","service":"quiz-api","timestamp":"2025-12-04 08:21:31"}
{"level":"info","message":"Health check available at http://localhost:5000/health","service":"quiz-api","timestamp":"2025-12-04 08:21:31"}
{"level":"info","message":"SIGINT received, shutting down gracefully","service":"quiz-api","timestamp":"2025-12-04 08:44:18"}
{"level":"info","message":"Connected to the database successfully","service":"quiz-api","timestamp":"2025-12-04 09:03:13"}
{"level":"info","message":"Quiz API server is running on port 5000 in development mode","service":"quiz-api","timestamp":"2025-12-04 09:03:13"}
{"level":"info","message":"Health check available at http://localhost:5000/health","service":"quiz-api","timestamp":"2025-12-04 09:03:13"}
{"level":"info","message":"SIGINT received, shutting down gracefully","service":"quiz-api","timestamp":"2025-12-04 09:11:51"}
{"level":"info","message":"Connected to the database successfully","service":"quiz-api","timestamp":"2025-12-04 09:35:12"}
{"level":"info","message":"Quiz API server is running on port 5000 in development mode","service":"quiz-api","timestamp":"2025-12-04 09:35:12"}
{"level":"info","message":"Health check available at http://localhost:5000/health","service":"quiz-api","timestamp":"2025-12-04 09:35:12"}
{"level":"info","message":"SIGINT received, shutting down gracefully","service":"quiz-api","timestamp":"2025-12-04 09:38:12"}
{"level":"info","message":"Connected to the database successfully","service":"quiz-api","timestamp":"2025-12-04 11:57:24"}
{"level":"info","message":"Quiz API server is running on port 5000 in development mode","service":"quiz-api","timestamp":"2025-12-04 11:57:24"}
{"level":"info","message":"Health check available at http://localhost:5000/health","service":"quiz-api","timestamp":"2025-12-04 11:57:24"}
{"level":"error","message":"Update user profile error: Must supply api_key","service":"quiz-api","stack":"Error: Must supply api_key\n    at ensureOption (C:\\PH-Level-2-Projects\\quiz-server\\node_modules\\cloudinary\\lib\\utils\\ensureOption.js:19:13)\n    at Object.sign_request (C:\\PH-Level-2-Projects\\quiz-server\\node_modules\\cloudinary\\lib\\utils\\index.js:1151:16)\n    at Object.process_request_params (C:\\PH-Level-2-Projects\\quiz-server\\node_modules\\cloudinary\\lib\\utils\\index.js:1203:22)\n    at call_api (C:\\PH-Level-2-Projects\\quiz-server\\node_modules\\cloudinary\\lib\\uploader.js:474:18)\n    at Object.upload (C:\\PH-Level-2-Projects\\quiz-server\\node_modules\\cloudinary\\lib\\uploader.js:53:10)\n    at Object.upload_stream (C:\\PH-Level-2-Projects\\quiz-server\\node_modules\\cloudinary\\lib\\uploader.js:40:18)\n    at Object.upload_stream (C:\\PH-Level-2-Projects\\quiz-server\\node_modules\\cloudinary\\lib\\utils\\index.js:1402:21)\n    at C:\\PH-Level-2-Projects\\quiz-server\\utils\\fileUploader.ts:36:46\n    at new Promise (<anonymous>)\n    at Object.uploadToCloudinary (C:\\PH-Level-2-Projects\\quiz-server\\utils\\fileUploader.ts:35:10)","timestamp":"2025-12-04 11:58:58"}
{"level":"info","message":"Connected to the database successfully","service":"quiz-api","timestamp":"2025-12-04 12:06:52"}
{"level":"info","message":"Quiz API server is running on port 5000 in development mode","service":"quiz-api","timestamp":"2025-12-04 12:06:52"}
{"level":"info","message":"Health check available at http://localhost:5000/health","service":"quiz-api","timestamp":"2025-12-04 12:06:52"}
{"level":"error","message":"Update user profile error: Must supply api_key","service":"quiz-api","stack":"Error: Must supply api_key\n    at ensureOption (C:\\PH-Level-2-Projects\\quiz-server\\node_modules\\cloudinary\\lib\\utils\\ensureOption.js:19:13)\n    at Object.sign_request (C:\\PH-Level-2-Projects\\quiz-server\\node_modules\\cloudinary\\lib\\utils\\index.js:1151:16)\n    at Object.process_request_params (C:\\PH-Level-2-Projects\\quiz-server\\node_modules\\cloudinary\\lib\\utils\\index.js:1203:22)\n    at call_api (C:\\PH-Level-2-Projects\\quiz-server\\node_modules\\cloudinary\\lib\\uploader.js:474:18)\n    at Object.upload (C:\\PH-Level-2-Projects\\quiz-server\\node_modules\\cloudinary\\lib\\uploader.js:53:10)\n    at Object.upload_stream (C:\\PH-Level-2-Projects\\quiz-server\\node_modules\\cloudinary\\lib\\uploader.js:40:18)\n    at Object.upload_stream (C:\\PH-Level-2-Projects\\quiz-server\\node_modules\\cloudinary\\lib\\utils\\index.js:1402:21)\n    at C:\\PH-Level-2-Projects\\quiz-server\\utils\\fileUploader.ts:36:46\n    at new Promise (<anonymous>)\n    at Object.uploadToCloudinary (C:\\PH-Level-2-Projects\\quiz-server\\utils\\fileUploader.ts:35:10)","timestamp":"2025-12-04 12:07:22"}
{"ip":"::1","level":"error","message":"Error occurred: Unexpected field","method":"PUT","service":"quiz-api","stack":"MulterError: Unexpected field\n    at wrappedFileFilter (C:\\PH-Level-2-Projects\\quiz-server\\node_modules\\multer\\index.js:40:19)\n    at Multipart.<anonymous> (C:\\PH-Level-2-Projects\\quiz-server\\node_modules\\multer\\lib\\make-middleware.js:109:7)\n    at Multipart.emit (node:events:519:28)\n    at HeaderParser.cb (C:\\PH-Level-2-Projects\\quiz-server\\node_modules\\busboy\\lib\\types\\multipart.js:358:14)\n    at HeaderParser.push (C:\\PH-Level-2-Projects\\quiz-server\\node_modules\\busboy\\lib\\types\\multipart.js:162:20)\n    at SBMH.ssCb [as _cb] (C:\\PH-Level-2-Projects\\quiz-server\\node_modules\\busboy\\lib\\types\\multipart.js:394:37)\n    at feed (C:\\PH-Level-2-Projects\\quiz-server\\node_modules\\streamsearch\\lib\\sbmh.js:219:14)\n    at SBMH.push (C:\\PH-Level-2-Projects\\quiz-server\\node_modules\\streamsearch\\lib\\sbmh.js:104:16)\n    at Multipart._write (C:\\PH-Level-2-Projects\\quiz-server\\node_modules\\busboy\\lib\\types\\multipart.js:567:19)\n    at writeOrBuffer (node:internal/streams/writable:572:12)","timestamp":"2025-12-04 12:08:17","url":"/api/v1/user/me"}
{"level":"info","message":"Connected to the database successfully","service":"quiz-api","timestamp":"2025-12-04 12:08:37"}
{"level":"info","message":"Quiz API server is running on port 5000 in development mode","service":"quiz-api","timestamp":"2025-12-04 12:08:37"}
{"level":"info","message":"Health check available at http://localhost:5000/health","service":"quiz-api","timestamp":"2025-12-04 12:08:37"}
{"level":"error","message":"Update user profile error: Must supply api_key","service":"quiz-api","stack":"Error: Must supply api_key\n    at ensureOption (C:\\PH-Level-2-Projects\\quiz-server\\node_modules\\cloudinary\\lib\\utils\\ensureOption.js:19:13)\n    at Object.sign_request (C:\\PH-Level-2-Projects\\quiz-server\\node_modules\\cloudinary\\lib\\utils\\index.js:1151:16)\n    at Object.process_request_params (C:\\PH-Level-2-Projects\\quiz-server\\node_modules\\cloudinary\\lib\\utils\\index.js:1203:22)\n    at call_api (C:\\PH-Level-2-Projects\\quiz-server\\node_modules\\cloudinary\\lib\\uploader.js:474:18)\n    at Object.upload (C:\\PH-Level-2-Projects\\quiz-server\\node_modules\\cloudinary\\lib\\uploader.js:53:10)\n    at Object.upload_stream (C:\\PH-Level-2-Projects\\quiz-server\\node_modules\\cloudinary\\lib\\uploader.js:40:18)\n    at Object.upload_stream (C:\\PH-Level-2-Projects\\quiz-server\\node_modules\\cloudinary\\lib\\utils\\index.js:1402:21)\n    at C:\\PH-Level-2-Projects\\quiz-server\\utils\\fileUploader.ts:36:46\n    at new Promise (<anonymous>)\n    at Object.uploadToCloudinary (C:\\PH-Level-2-Projects\\quiz-server\\utils\\fileUploader.ts:35:10)","timestamp":"2025-12-04 12:10:35"}
{"level":"info","message":"Connected to the database successfully","service":"quiz-api","timestamp":"2025-12-04 12:19:17"}
{"level":"info","message":"Quiz API server is running on port 5000 in development mode","service":"quiz-api","timestamp":"2025-12-04 12:19:17"}
{"level":"info","message":"Health check available at http://localhost:5000/health","service":"quiz-api","timestamp":"2025-12-04 12:19:17"}
{"http_code":401,"level":"error","message":"Update user profile error: Invalid cloud_name dqigojxkv","name":"Error","service":"quiz-api","timestamp":"2025-12-04 12:25:17"}
{"level":"info","message":"Connected to the database successfully","service":"quiz-api","timestamp":"2025-12-04 12:27:07"}
{"level":"info","message":"Quiz API server is running on port 5000 in development mode","service":"quiz-api","timestamp":"2025-12-04 12:27:07"}
{"level":"info","message":"Health check available at http://localhost:5000/health","service":"quiz-api","timestamp":"2025-12-04 12:27:07"}
{"level":"info","message":"Connected to the database successfully","service":"quiz-api","timestamp":"2025-12-04 12:27:42"}
{"level":"info","message":"Quiz API server is running on port 5000 in development mode","service":"quiz-api","timestamp":"2025-12-04 12:27:42"}
{"level":"info","message":"Health check available at http://localhost:5000/health","service":"quiz-api","timestamp":"2025-12-04 12:27:42"}
{"level":"info","message":"Connected to the database successfully","service":"quiz-api","timestamp":"2025-12-04 12:28:13"}
{"level":"info","message":"Quiz API server is running on port 5000 in development mode","service":"quiz-api","timestamp":"2025-12-04 12:28:13"}
{"level":"info","message":"Health check available at http://localhost:5000/health","service":"quiz-api","timestamp":"2025-12-04 12:28:13"}
{"level":"error","message":"Update user profile error: Must supply api_key","service":"quiz-api","stack":"Error: Must supply api_key\n    at ensureOption (C:\\PH-Level-2-Projects\\quiz-server\\node_modules\\cloudinary\\lib\\utils\\ensureOption.js:19:13)\n    at Object.sign_request (C:\\PH-Level-2-Projects\\quiz-server\\node_modules\\cloudinary\\lib\\utils\\index.js:1151:16)\n    at Object.process_request_params (C:\\PH-Level-2-Projects\\quiz-server\\node_modules\\cloudinary\\lib\\utils\\index.js:1203:22)\n    at call_api (C:\\PH-Level-2-Projects\\quiz-server\\node_modules\\cloudinary\\lib\\uploader.js:474:18)\n    at Object.upload (C:\\PH-Level-2-Projects\\quiz-server\\node_modules\\cloudinary\\lib\\uploader.js:53:10)\n    at Object.upload_stream (C:\\PH-Level-2-Projects\\quiz-server\\node_modules\\cloudinary\\lib\\uploader.js:40:18)\n    at Object.upload_stream (C:\\PH-Level-2-Projects\\quiz-server\\node_modules\\cloudinary\\lib\\utils\\index.js:1402:21)\n    at C:\\PH-Level-2-Projects\\quiz-server\\utils\\fileUploader.ts:36:46\n    at new Promise (<anonymous>)\n    at Object.uploadToCloudinary (C:\\PH-Level-2-Projects\\quiz-server\\utils\\fileUploader.ts:35:10)","timestamp":"2025-12-04 12:28:18"}
{"level":"info","message":"Connected to the database successfully","service":"quiz-api","timestamp":"2025-12-04 12:32:38"}
{"level":"info","message":"Quiz API server is running on port 5000 in development mode","service":"quiz-api","timestamp":"2025-12-04 12:32:38"}
{"level":"info","message":"Health check available at http://localhost:5000/health","service":"quiz-api","timestamp":"2025-12-04 12:32:38"}
{"level":"info","message":"Connected to the database successfully","service":"quiz-api","timestamp":"2025-12-04 12:33:20"}
{"level":"info","message":"Quiz API server is running on port 5000 in development mode","service":"quiz-api","timestamp":"2025-12-04 12:33:20"}
{"level":"info","message":"Health check available at http://localhost:5000/health","service":"quiz-api","timestamp":"2025-12-04 12:33:20"}
{"level":"info","message":"Connected to the database successfully","service":"quiz-api","timestamp":"2025-12-04 12:56:32"}
{"level":"info","message":"Quiz API server is running on port 5000 in development mode","service":"quiz-api","timestamp":"2025-12-04 12:56:32"}
{"level":"info","message":"Health check available at http://localhost:5000/health","service":"quiz-api","timestamp":"2025-12-04 12:56:32"}
{"level":"info","message":"Connected to the database successfully","service":"quiz-api","timestamp":"2025-12-04 12:57:00"}
{"level":"info","message":"Quiz API server is running on port 5000 in development mode","service":"quiz-api","timestamp":"2025-12-04 12:57:00"}
{"level":"info","message":"Health check available at http://localhost:5000/health","service":"quiz-api","timestamp":"2025-12-04 12:57:00"}
{"level":"info","message":"Connected to the database successfully","service":"quiz-api","timestamp":"2025-12-04 12:57:18"}
{"level":"info","message":"Quiz API server is running on port 5000 in development mode","service":"quiz-api","timestamp":"2025-12-04 12:57:18"}
{"level":"info","message":"Health check available at http://localhost:5000/health","service":"quiz-api","timestamp":"2025-12-04 12:57:18"}
{"level":"info","message":"SIGINT received, shutting down gracefully","service":"quiz-api","timestamp":"2025-12-04 13:09:07"}
{"level":"info","message":"Connected to the database successfully","service":"quiz-api","timestamp":"2025-12-04 13:11:34"}
{"level":"info","message":"Quiz API server is running on port 5000 in development mode","service":"quiz-api","timestamp":"2025-12-04 13:11:34"}
{"level":"info","message":"Health check available at http://localhost:5000/health","service":"quiz-api","timestamp":"2025-12-04 13:11:34"}
{"level":"info","message":"Connected to the database successfully","service":"quiz-api","timestamp":"2025-12-04 13:30:21"}
{"level":"info","message":"Quiz API server is running on port 5000 in development mode","service":"quiz-api","timestamp":"2025-12-04 13:30:21"}
{"level":"info","message":"Health check available at http://localhost:5000/health","service":"quiz-api","timestamp":"2025-12-04 13:30:21"}
{"level":"info","message":"SIGINT received, shutting down gracefully","service":"quiz-api","timestamp":"2025-12-04 13:33:16"}
{"level":"info","message":"Connected to the database successfully","service":"quiz-api","timestamp":"2025-12-04 14:44:57"}
{"level":"info","message":"Quiz API server is running on port 5000 in development mode","service":"quiz-api","timestamp":"2025-12-04 14:44:57"}
{"level":"info","message":"Health check available at http://localhost:5000/health","service":"quiz-api","timestamp":"2025-12-04 14:44:57"}
{"level":"info","message":"Connected to the database successfully","service":"quiz-api","timestamp":"2025-12-04 15:20:02"}
{"level":"info","message":"Quiz API server is running on port 5000 in development mode","service":"quiz-api","timestamp":"2025-12-04 15:20:02"}
{"level":"info","message":"Health check available at http://localhost:5000/health","service":"quiz-api","timestamp":"2025-12-04 15:20:02"}
{"level":"info","message":"Connected to the database successfully","service":"quiz-api","timestamp":"2025-12-04 15:33:22"}
{"level":"info","message":"Quiz API server is running on port 5000 in development mode","service":"quiz-api","timestamp":"2025-12-04 15:33:22"}
{"level":"info","message":"Health check available at http://localhost:5000/health","service":"quiz-api","timestamp":"2025-12-04 15:33:22"}
{"level":"info","message":"Connected to the database successfully","service":"quiz-api","timestamp":"2025-12-04 15:51:43"}
{"level":"info","message":"Quiz API server is running on port 5000 in development mode","service":"quiz-api","timestamp":"2025-12-04 15:51:43"}
{"level":"info","message":"Health check available at http://localhost:5000/health","service":"quiz-api","timestamp":"2025-12-04 15:51:43"}
{"level":"info","message":"Connected to the database successfully","service":"quiz-api","timestamp":"2025-12-04 15:57:11"}
{"level":"info","message":"Quiz API server is running on port 5000 in development mode","service":"quiz-api","timestamp":"2025-12-04 15:57:11"}
{"level":"info","message":"Health check available at http://localhost:5000/health","service":"quiz-api","timestamp":"2025-12-04 15:57:11"}
{"level":"info","message":"Connected to the database successfully","service":"quiz-api","timestamp":"2025-12-04 15:57:22"}
{"level":"info","message":"Quiz API server is running on port 5000 in development mode","service":"quiz-api","timestamp":"2025-12-04 15:57:22"}
{"level":"info","message":"Health check available at http://localhost:5000/health","service":"quiz-api","timestamp":"2025-12-04 15:57:22"}
{"level":"info","message":"Connected to the database successfully","service":"quiz-api","timestamp":"2025-12-04 15:57:30"}
{"level":"info","message":"Quiz API server is running on port 5000 in development mode","service":"quiz-api","timestamp":"2025-12-04 15:57:30"}
{"level":"info","message":"Health check available at http://localhost:5000/health","service":"quiz-api","timestamp":"2025-12-04 15:57:30"}
{"level":"info","message":"Connected to the database successfully","service":"quiz-api","timestamp":"2025-12-04 15:57:39"}
{"level":"info","message":"Quiz API server is running on port 5000 in development mode","service":"quiz-api","timestamp":"2025-12-04 15:57:39"}
{"level":"info","message":"Health check available at http://localhost:5000/health","service":"quiz-api","timestamp":"2025-12-04 15:57:39"}
{"level":"info","message":"Connected to the database successfully","service":"quiz-api","timestamp":"2025-12-04 16:23:59"}
{"level":"info","message":"Quiz API server is running on port 5000 in development mode","service":"quiz-api","timestamp":"2025-12-04 16:23:59"}
{"level":"info","message":"Health check available at http://localhost:5000/health","service":"quiz-api","timestamp":"2025-12-04 16:23:59"}
{"level":"info","message":"SIGINT received, shutting down gracefully","service":"quiz-api","timestamp":"2025-12-04 16:32:22"}
{"level":"info","message":"Connected to the database successfully","service":"quiz-api","timestamp":"2025-12-04 17:03:23"}
{"level":"info","message":"Quiz API server is running on port 5000 in development mode","service":"quiz-api","timestamp":"2025-12-04 17:03:23"}
{"level":"info","message":"Health check available at http://localhost:5000/health","service":"quiz-api","timestamp":"2025-12-04 17:03:23"}
{"level":"info","message":"SIGINT received, shutting down gracefully","service":"quiz-api","timestamp":"2025-12-04 17:09:09"}
{"level":"info","message":"Connected to the database successfully","service":"quiz-api","timestamp":"2025-12-15 13:13:22"}
{"level":"info","message":"Quiz API server is running on port 5000 in development mode","service":"quiz-api","timestamp":"2025-12-15 13:13:22"}
{"level":"info","message":"Health check available at http://localhost:5000/health","service":"quiz-api","timestamp":"2025-12-15 13:13:22"}
{"level":"info","message":"SIGINT received, shutting down gracefully","service":"quiz-api","timestamp":"2025-12-15 18:33:33"}
{"level":"info","message":"Connected to the database successfully","service":"quiz-api","timestamp":"2025-12-15 18:44:01"}
{"level":"info","message":"Quiz API server is running on port 5000 in development mode","service":"quiz-api","timestamp":"2025-12-15 18:44:01"}
{"level":"info","message":"Health check available at http://localhost:5000/health","service":"quiz-api","timestamp":"2025-12-15 18:44:01"}
{"level":"info","message":"Connected to the database successfully","service":"quiz-api","timestamp":"2025-12-15 18:45:51"}
{"level":"info","message":"Quiz API server is running on port 5000 in development mode","service":"quiz-api","timestamp":"2025-12-15 18:45:51"}
{"level":"info","message":"Health check available at http://localhost:5000/health","service":"quiz-api","timestamp":"2025-12-15 18:45:51"}
{"level":"info","message":"SIGINT received, shutting down gracefully","service":"quiz-api","timestamp":"2025-12-15 19:12:33"}
{"level":"info","message":"Connected to the database successfully","service":"quiz-api","timestamp":"2025-12-16 23:43:12"}
{"level":"info","message":"Quiz API server is running on port 5000 in development mode","service":"quiz-api","timestamp":"2025-12-16 23:43:12"}
{"level":"info","message":"Health check available at http://localhost:5000/health","service":"quiz-api","timestamp":"2025-12-16 23:43:12"}
{"level":"info","message":"Connected to the database successfully","service":"quiz-api","timestamp":"2025-12-17 11:26:43"}
{"level":"info","message":"Quiz API server is running on port 5000 in development mode","service":"quiz-api","timestamp":"2025-12-17 11:26:43"}
{"level":"info","message":"Health check available at http://localhost:5000/health","service":"quiz-api","timestamp":"2025-12-17 11:26:43"}
{"level":"info","message":"Connected to the database successfully","service":"quiz-api","timestamp":"2025-12-17 11:45:12"}
{"level":"info","message":"Quiz API server is running on port 5000 in development mode","service":"quiz-api","timestamp":"2025-12-17 11:45:12"}
{"level":"info","message":"Health check available at http://localhost:5000/health","service":"quiz-api","timestamp":"2025-12-17 11:45:12"}
{"level":"info","message":"Connected to the database successfully","service":"quiz-api","timestamp":"2025-12-17 11:45:19"}
{"level":"info","message":"Quiz API server is running on port 5000 in development mode","service":"quiz-api","timestamp":"2025-12-17 11:45:19"}
{"level":"info","message":"Health check available at http://localhost:5000/health","service":"quiz-api","timestamp":"2025-12-17 11:45:19"}
{"level":"info","message":"Connected to the database successfully","service":"quiz-api","timestamp":"2025-12-17 11:45:26"}
{"level":"info","message":"Quiz API server is running on port 5000 in development mode","service":"quiz-api","timestamp":"2025-12-17 11:45:26"}
{"level":"info","message":"Health check available at http://localhost:5000/health","service":"quiz-api","timestamp":"2025-12-17 11:45:26"}
{"level":"info","message":"Connected to the database successfully","service":"quiz-api","timestamp":"2025-12-17 11:45:33"}
{"level":"info","message":"Quiz API server is running on port 5000 in development mode","service":"quiz-api","timestamp":"2025-12-17 11:45:33"}
{"level":"info","message":"Health check available at http://localhost:5000/health","service":"quiz-api","timestamp":"2025-12-17 11:45:33"}
{"level":"info","message":"Connected to the database successfully","service":"quiz-api","timestamp":"2025-12-17 11:45:38"}
{"level":"info","message":"Quiz API server is running on port 5000 in development mode","service":"quiz-api","timestamp":"2025-12-17 11:45:38"}
{"level":"info","message":"Health check available at http://localhost:5000/health","service":"quiz-api","timestamp":"2025-12-17 11:45:38"}
{"level":"info","message":"Connected to the database successfully","service":"quiz-api","timestamp":"2025-12-17 11:45:48"}
{"level":"info","message":"Quiz API server is running on port 5000 in development mode","service":"quiz-api","timestamp":"2025-12-17 11:45:48"}
{"level":"info","message":"Health check available at http://localhost:5000/health","service":"quiz-api","timestamp":"2025-12-17 11:45:48"}
{"level":"info","message":"Connected to the database successfully","service":"quiz-api","timestamp":"2025-12-17 11:45:59"}
{"level":"info","message":"Quiz API server is running on port 5000 in development mode","service":"quiz-api","timestamp":"2025-12-17 11:45:59"}
{"level":"info","message":"Health check available at http://localhost:5000/health","service":"quiz-api","timestamp":"2025-12-17 11:45:59"}
{"level":"info","message":"Connected to the database successfully","service":"quiz-api","timestamp":"2025-12-17 11:46:09"}
{"level":"info","message":"Quiz API server is running on port 5000 in development mode","service":"quiz-api","timestamp":"2025-12-17 11:46:09"}
{"level":"info","message":"Health check available at http://localhost:5000/health","service":"quiz-api","timestamp":"2025-12-17 11:46:09"}
{"level":"info","message":"Connected to the database successfully","service":"quiz-api","timestamp":"2025-12-17 11:52:15"}
{"level":"info","message":"Quiz API server is running on port 5000 in development mode","service":"quiz-api","timestamp":"2025-12-17 11:52:15"}
{"level":"info","message":"Health check available at http://localhost:5000/health","service":"quiz-api","timestamp":"2025-12-17 11:52:15"}
{"level":"info","message":"Connected to the database successfully","service":"quiz-api","timestamp":"2025-12-17 11:59:54"}
{"level":"info","message":"Quiz API server is running on port 5000 in development mode","service":"quiz-api","timestamp":"2025-12-17 11:59:54"}
{"level":"info","message":"Health check available at http://localhost:5000/health","service":"quiz-api","timestamp":"2025-12-17 11:59:54"}
{"level":"info","message":"Connected to the database successfully","service":"quiz-api","timestamp":"2025-12-17 12:03:26"}
{"level":"info","message":"Quiz API server is running on port 5000 in development mode","service":"quiz-api","timestamp":"2025-12-17 12:03:26"}
{"level":"info","message":"Health check available at http://localhost:5000/health","service":"quiz-api","timestamp":"2025-12-17 12:03:26"}
{"level":"info","message":"Connected to the database successfully","service":"quiz-api","timestamp":"2025-12-17 12:03:44"}
{"level":"info","message":"Quiz API server is running on port 5000 in development mode","service":"quiz-api","timestamp":"2025-12-17 12:03:44"}
{"level":"info","message":"Health check available at http://localhost:5000/health","service":"quiz-api","timestamp":"2025-12-17 12:03:44"}
{"level":"info","message":"Connected to the database successfully","service":"quiz-api","timestamp":"2025-12-17 12:03:59"}
{"level":"info","message":"Quiz API server is running on port 5000 in development mode","service":"quiz-api","timestamp":"2025-12-17 12:04:00"}
{"level":"info","message":"Health check available at http://localhost:5000/health","service":"quiz-api","timestamp":"2025-12-17 12:04:00"}
{"level":"info","message":"Connected to the database successfully","service":"quiz-api","timestamp":"2025-12-17 12:04:14"}
{"level":"info","message":"Quiz API server is running on port 5000 in development mode","service":"quiz-api","timestamp":"2025-12-17 12:04:14"}
{"level":"info","message":"Health check available at http://localhost:5000/health","service":"quiz-api","timestamp":"2025-12-17 12:04:14"}
{"level":"info","message":"SIGINT received, shutting down gracefully","service":"quiz-api","timestamp":"2025-12-17 12:21:53"}
{"level":"info","message":"Connected to the database successfully","service":"quiz-api","timestamp":"2025-12-17 12:21:59"}
{"level":"info","message":"Quiz API server is running on port 5000 in development mode","service":"quiz-api","timestamp":"2025-12-17 12:21:59"}
{"level":"info","message":"Health check available at http://localhost:5000/health","service":"quiz-api","timestamp":"2025-12-17 12:21:59"}
{"level":"info","message":"SIGINT received, shutting down gracefully","service":"quiz-api","timestamp":"2025-12-17 14:23:54"}
{"level":"info","message":"Connected to the database successfully","service":"quiz-api","timestamp":"2025-12-17 14:58:18"}
{"level":"info","message":"Quiz API server is running on port 5000 in development mode","service":"quiz-api","timestamp":"2025-12-17 14:58:18"}
{"level":"info","message":"Health check available at http://localhost:5000/health","service":"quiz-api","timestamp":"2025-12-17 14:58:18"}
{"level":"info","message":"Connected to the database successfully","service":"quiz-api","timestamp":"2025-12-17 19:18:16"}
{"level":"info","message":"Quiz API server is running on port 5000 in development mode","service":"quiz-api","timestamp":"2025-12-17 19:18:16"}
{"level":"info","message":"Health check available at http://localhost:5000/health","service":"quiz-api","timestamp":"2025-12-17 19:18:16"}
{"level":"info","message":"Connected to the database successfully","service":"quiz-api","timestamp":"2025-12-17 19:24:31"}
{"level":"info","message":"Quiz API server is running on port 5000 in development mode","service":"quiz-api","timestamp":"2025-12-17 19:24:31"}
{"level":"info","message":"Health check available at http://localhost:5000/health","service":"quiz-api","timestamp":"2025-12-17 19:24:31"}
{"level":"info","message":"Connected to the database successfully","service":"quiz-api","timestamp":"2025-12-17 20:15:14"}
{"level":"info","message":"Quiz API server is running on port 5000 in development mode","service":"quiz-api","timestamp":"2025-12-17 20:15:14"}
{"level":"info","message":"Health check available at http://localhost:5000/health","service":"quiz-api","timestamp":"2025-12-17 20:15:14"}
{"level":"info","message":"Connected to the database successfully","service":"quiz-api","timestamp":"2025-12-17 20:32:05"}
{"level":"info","message":"Quiz API server is running on port 5000 in development mode","service":"quiz-api","timestamp":"2025-12-17 20:32:05"}
{"level":"info","message":"Health check available at http://localhost:5000/health","service":"quiz-api","timestamp":"2025-12-17 20:32:05"}
{"level":"info","message":"Connected to the database successfully","service":"quiz-api","timestamp":"2025-12-17 20:32:46"}
{"level":"info","message":"Quiz API server is running on port 5000 in development mode","service":"quiz-api","timestamp":"2025-12-17 20:32:46"}
{"level":"info","message":"Health check available at http://localhost:5000/health","service":"quiz-api","timestamp":"2025-12-17 20:32:46"}
{"level":"info","message":"Connected to the database successfully","service":"quiz-api","timestamp":"2025-12-17 20:36:38"}
{"level":"info","message":"Quiz API server is running on port 5000 in development mode","service":"quiz-api","timestamp":"2025-12-17 20:36:38"}
{"level":"info","message":"Health check available at http://localhost:5000/health","service":"quiz-api","timestamp":"2025-12-17 20:36:38"}
{"level":"info","message":"Connected to the database successfully","service":"quiz-api","timestamp":"2025-12-17 20:38:56"}
{"level":"info","message":"Quiz API server is running on port 5000 in development mode","service":"quiz-api","timestamp":"2025-12-17 20:38:56"}
{"level":"info","message":"Health check available at http://localhost:5000/health","service":"quiz-api","timestamp":"2025-12-17 20:38:56"}
{"level":"info","message":"Connected to the database successfully","service":"quiz-api","timestamp":"2025-12-17 20:39:46"}
{"level":"info","message":"Quiz API server is running on port 5000 in development mode","service":"quiz-api","timestamp":"2025-12-17 20:39:46"}
{"level":"info","message":"Health check available at http://localhost:5000/health","service":"quiz-api","timestamp":"2025-12-17 20:39:46"}
{"level":"info","message":"Connected to the database successfully","service":"quiz-api","timestamp":"2025-12-17 20:42:28"}
{"level":"info","message":"Quiz API server is running on port 5000 in development mode","service":"quiz-api","timestamp":"2025-12-17 20:42:28"}
{"level":"info","message":"Health check available at http://localhost:5000/health","service":"quiz-api","timestamp":"2025-12-17 20:42:28"}
{"clientVersion":"6.19.0","errorCode":"P1001","level":"error","message":"Failed to start the server: Can't reach database server at `ep-winter-darkness-ahml26h8-pooler.c-3.us-east-1.aws.neon.tech:5432`\n\nPlease make sure your database server is running at `ep-winter-darkness-ahml26h8-pooler.c-3.us-east-1.aws.neon.tech:5432`.","name":"PrismaClientInitializationError","service":"quiz-api","stack":"PrismaClientInitializationError: Can't reach database server at `ep-winter-darkness-ahml26h8-pooler.c-3.us-east-1.aws.neon.tech:5432`\n\nPlease make sure your database server is running at `ep-winter-darkness-ahml26h8-pooler.c-3.us-east-1.aws.neon.tech:5432`.\n    at r (C:\\PH-Level-2-Projects\\quiz-server\\node_modules\\@prisma\\client\\src\\runtime\\core\\engines\\library\\LibraryEngine.ts:440:17)\n    at startServer (C:\\PH-Level-2-Projects\\quiz-server\\src\\server.ts:10:5)","timestamp":"2025-12-17 20:44:59"}
{"level":"info","message":"Connected to the database successfully","service":"quiz-api","timestamp":"2025-12-17 20:47:17"}
{"level":"info","message":"Quiz API server is running on port 5000 in development mode","service":"quiz-api","timestamp":"2025-12-17 20:47:17"}
{"level":"info","message":"Health check available at http://localhost:5000/health","service":"quiz-api","timestamp":"2025-12-17 20:47:17"}
{"level":"info","message":"Connected to the database successfully","service":"quiz-api","timestamp":"2025-12-17 20:51:51"}
{"level":"info","message":"Quiz API server is running on port 5000 in development mode","service":"quiz-api","timestamp":"2025-12-17 20:51:51"}
{"level":"info","message":"Health check available at http://localhost:5000/health","service":"quiz-api","timestamp":"2025-12-17 20:51:51"}
{"level":"info","message":"SIGINT received, shutting down gracefully","service":"quiz-api","timestamp":"2025-12-17 21:03:04"}
{"level":"info","message":"Connected to the database successfully","service":"quiz-api","timestamp":"2025-12-17 21:14:09"}
{"level":"info","message":"Quiz API server is running on port 5000 in development mode","service":"quiz-api","timestamp":"2025-12-17 21:14:09"}
{"level":"info","message":"Health check available at http://localhost:5000/health","service":"quiz-api","timestamp":"2025-12-17 21:14:09"}
{"level":"info","message":"Connected to the database successfully","service":"quiz-api","timestamp":"2025-12-23 11:02:31"}
{"level":"info","message":"Quiz API server is running on port 5000 in development mode","service":"quiz-api","timestamp":"2025-12-23 11:02:31"}
{"level":"info","message":"Health check available at http://localhost:5000/health","service":"quiz-api","timestamp":"2025-12-23 11:02:31"}
{"level":"info","message":"SIGINT received, shutting down gracefully","service":"quiz-api","timestamp":"2025-12-23 11:04:58"}
{"level":"info","message":"Connected to the database successfully","service":"quiz-api","timestamp":"2025-12-24 20:49:21"}
{"level":"info","message":"Quiz API server is running on port 5000 in development mode","service":"quiz-api","timestamp":"2025-12-24 20:49:21"}
{"level":"info","message":"Health check available at http://localhost:5000/health","service":"quiz-api","timestamp":"2025-12-24 20:49:21"}
{"level":"info","message":"Connected to the database successfully","service":"quiz-api","timestamp":"2025-12-24 20:51:59"}
{"level":"info","message":"Quiz API server is running on port 5000 in development mode","service":"quiz-api","timestamp":"2025-12-24 20:51:59"}
{"level":"info","message":"Health check available at http://localhost:5000/health","service":"quiz-api","timestamp":"2025-12-24 20:51:59"}
{"level":"info","message":"SIGINT received, shutting down gracefully","service":"quiz-api","timestamp":"2025-12-24 20:52:14"}
{"level":"info","message":"Connected to the database successfully","service":"quiz-api","timestamp":"2025-12-26 18:48:12"}
{"level":"info","message":"Quiz API server is running on port 5000 in development mode","service":"quiz-api","timestamp":"2025-12-26 18:48:12"}
{"level":"info","message":"Health check available at http://localhost:5000/health","service":"quiz-api","timestamp":"2025-12-26 18:48:12"}
{"level":"info","message":"SIGINT received, shutting down gracefully","service":"quiz-api","timestamp":"2025-12-26 20:38:17"}
{"level":"info","message":"Connected to the database successfully","service":"quiz-api","timestamp":"2025-12-27 15:27:23"}
{"level":"info","message":"Quiz API server is running on port 5000 in development mode","service":"quiz-api","timestamp":"2025-12-27 15:27:23"}
{"level":"info","message":"Health check available at http://localhost:5000/health","service":"quiz-api","timestamp":"2025-12-27 15:27:23"}
{"level":"info","message":"Connected to the database successfully","service":"quiz-api","timestamp":"2025-12-27 20:35:00"}
{"level":"info","message":"Quiz API server is running on port 5000 in development mode","service":"quiz-api","timestamp":"2025-12-27 20:35:00"}
{"level":"info","message":"Health check available at http://localhost:5000/health","service":"quiz-api","timestamp":"2025-12-27 20:35:00"}
{"level":"info","message":"SIGINT received, shutting down gracefully","service":"quiz-api","timestamp":"2025-12-27 20:45:35"}
{"level":"info","message":"Connected to the database successfully","service":"quiz-api","timestamp":"2025-12-27 20:48:00"}
{"level":"info","message":"Quiz API server is running on port 5000 in development mode","service":"quiz-api","timestamp":"2025-12-27 20:48:00"}
{"level":"info","message":"Health check available at http://localhost:5000/health","service":"quiz-api","timestamp":"2025-12-27 20:48:00"}
{"level":"info","message":"SIGINT received, shutting down gracefully","service":"quiz-api","timestamp":"2025-12-27 23:05:28"}
{"level":"info","message":"Connected to the database successfully","service":"quiz-api","timestamp":"2025-12-27 23:05:38"}
{"level":"info","message":"Quiz API server is running on port 5000 in development mode","service":"quiz-api","timestamp":"2025-12-27 23:05:38"}
{"level":"info","message":"Health check available at http://localhost:5000/health","service":"quiz-api","timestamp":"2025-12-27 23:05:38"}
{"ip":"::1","level":"error","message":"Error occurred: Unexpected field","method":"PUT","service":"quiz-api","stack":"MulterError: Unexpected field\n    at wrappedFileFilter (C:\\PH-Level-2-Projects\\quiz-server\\node_modules\\multer\\index.js:40:19)\n    at Multipart.<anonymous> (C:\\PH-Level-2-Projects\\quiz-server\\node_modules\\multer\\lib\\make-middleware.js:109:7)\n    at Multipart.emit (node:events:519:28)\n    at HeaderParser.cb (C:\\PH-Level-2-Projects\\quiz-server\\node_modules\\busboy\\lib\\types\\multipart.js:358:14)\n    at HeaderParser.push (C:\\PH-Level-2-Projects\\quiz-server\\node_modules\\busboy\\lib\\types\\multipart.js:162:20)\n    at SBMH.ssCb [as _cb] (C:\\PH-Level-2-Projects\\quiz-server\\node_modules\\busboy\\lib\\types\\multipart.js:394:37)\n    at feed (C:\\PH-Level-2-Projects\\quiz-server\\node_modules\\streamsearch\\lib\\sbmh.js:219:14)\n    at SBMH.push (C:\\PH-Level-2-Projects\\quiz-server\\node_modules\\streamsearch\\lib\\sbmh.js:104:16)\n    at Multipart._write (C:\\PH-Level-2-Projects\\quiz-server\\node_modules\\busboy\\lib\\types\\multipart.js:567:19)\n    at writeOrBuffer (node:internal/streams/writable:572:12)","timestamp":"2025-12-27 23:28:43","url":"/api/v1/users/me"}
{"level":"info","message":"SIGINT received, shutting down gracefully","service":"quiz-api","timestamp":"2025-12-27 23:45:04"}
{"level":"info","message":"Connected to the database successfully","service":"quiz-api","timestamp":"2025-12-27 23:52:12"}
{"level":"info","message":"Quiz API server is running on port 5000 in development mode","service":"quiz-api","timestamp":"2025-12-27 23:52:12"}
{"level":"info","message":"Health check available at http://localhost:5000/health","service":"quiz-api","timestamp":"2025-12-27 23:52:12"}
{"level":"info","message":"Connected to the database successfully","service":"quiz-api","timestamp":"2025-12-28 00:09:38"}
{"level":"info","message":"Quiz API server is running on port 5000 in development mode","service":"quiz-api","timestamp":"2025-12-28 00:09:38"}
{"level":"info","message":"Health check available at http://localhost:5000/health","service":"quiz-api","timestamp":"2025-12-28 00:09:38"}
{"level":"info","message":"Connected to the database successfully","service":"quiz-api","timestamp":"2025-12-28 00:11:01"}
{"level":"info","message":"Quiz API server is running on port 5000 in development mode","service":"quiz-api","timestamp":"2025-12-28 00:11:01"}
{"level":"info","message":"Health check available at http://localhost:5000/health","service":"quiz-api","timestamp":"2025-12-28 00:11:01"}
{"level":"info","message":"Connected to the database successfully","service":"quiz-api","timestamp":"2025-12-28 00:12:08"}
{"level":"info","message":"Quiz API server is running on port 5000 in development mode","service":"quiz-api","timestamp":"2025-12-28 00:12:08"}
{"level":"info","message":"Health check available at http://localhost:5000/health","service":"quiz-api","timestamp":"2025-12-28 00:12:08"}
{"level":"info","message":"Connected to the database successfully","service":"quiz-api","timestamp":"2025-12-28 00:12:23"}
{"level":"info","message":"Quiz API server is running on port 5000 in development mode","service":"quiz-api","timestamp":"2025-12-28 00:12:23"}
{"level":"info","message":"Health check available at http://localhost:5000/health","service":"quiz-api","timestamp":"2025-12-28 00:12:23"}
{"level":"info","message":"Connected to the database successfully","service":"quiz-api","timestamp":"2025-12-28 00:57:40"}
{"level":"info","message":"Quiz API server is running on port 5000 in development mode","service":"quiz-api","timestamp":"2025-12-28 00:57:40"}
{"level":"info","message":"Health check available at http://localhost:5000/health","service":"quiz-api","timestamp":"2025-12-28 00:57:40"}
{"level":"info","message":"Connected to the database successfully","service":"quiz-api","timestamp":"2025-12-28 00:59:23"}
{"level":"info","message":"Quiz API server is running on port 5000 in development mode","service":"quiz-api","timestamp":"2025-12-28 00:59:23"}
{"level":"info","message":"Health check available at http://localhost:5000/health","service":"quiz-api","timestamp":"2025-12-28 00:59:23"}
{"level":"info","message":"Connected to the database successfully","service":"quiz-api","timestamp":"2025-12-28 01:00:17"}
{"level":"info","message":"Quiz API server is running on port 5000 in development mode","service":"quiz-api","timestamp":"2025-12-28 01:00:17"}
{"level":"info","message":"Health check available at http://localhost:5000/health","service":"quiz-api","timestamp":"2025-12-28 01:00:17"}
{"level":"info","message":"Connected to the database successfully","service":"quiz-api","timestamp":"2025-12-28 01:10:21"}
{"level":"info","message":"Quiz API server is running on port 5000 in development mode","service":"quiz-api","timestamp":"2025-12-28 01:10:21"}
{"level":"info","message":"Health check available at http://localhost:5000/health","service":"quiz-api","timestamp":"2025-12-28 01:10:21"}
{"level":"info","message":"Connected to the database successfully","service":"quiz-api","timestamp":"2025-12-28 01:12:01"}
{"level":"info","message":"Quiz API server is running on port 5000 in development mode","service":"quiz-api","timestamp":"2025-12-28 01:12:01"}
{"level":"info","message":"Health check available at http://localhost:5000/health","service":"quiz-api","timestamp":"2025-12-28 01:12:01"}
{"level":"info","message":"Connected to the database successfully","service":"quiz-api","timestamp":"2025-12-28 01:12:08"}
{"level":"info","message":"Quiz API server is running on port 5000 in development mode","service":"quiz-api","timestamp":"2025-12-28 01:12:08"}
{"level":"info","message":"Health check available at http://localhost:5000/health","service":"quiz-api","timestamp":"2025-12-28 01:12:08"}
{"level":"info","message":"Connected to the database successfully","service":"quiz-api","timestamp":"2025-12-28 01:12:50"}
{"level":"info","message":"Quiz API server is running on port 5000 in development mode","service":"quiz-api","timestamp":"2025-12-28 01:12:50"}
{"level":"info","message":"Health check available at http://localhost:5000/health","service":"quiz-api","timestamp":"2025-12-28 01:12:50"}
{"level":"info","message":"Connected to the database successfully","service":"quiz-api","timestamp":"2025-12-28 01:25:10"}
{"level":"info","message":"Quiz API server is running on port 5000 in development mode","service":"quiz-api","timestamp":"2025-12-28 01:25:10"}
{"level":"info","message":"Health check available at http://localhost:5000/health","service":"quiz-api","timestamp":"2025-12-28 01:25:10"}
{"level":"info","message":"SIGINT received, shutting down gracefully","service":"quiz-api","timestamp":"2025-12-28 01:43:42"}
{"level":"info","message":"Connected to the database successfully","service":"quiz-api","timestamp":"2025-12-28 01:46:11"}
{"level":"info","message":"Quiz API server is running on port 5000 in development mode","service":"quiz-api","timestamp":"2025-12-28 01:46:11"}
{"level":"info","message":"Health check available at http://localhost:5000/health","service":"quiz-api","timestamp":"2025-12-28 01:46:11"}
{"level":"info","message":"SIGINT received, shutting down gracefully","service":"quiz-api","timestamp":"2025-12-28 01:48:44"}
{"level":"info","message":"Connected to the database successfully","service":"quiz-api","timestamp":"2025-12-28 01:49:12"}
{"level":"info","message":"Quiz API server is running on port 5000 in development mode","service":"quiz-api","timestamp":"2025-12-28 01:49:12"}
{"level":"info","message":"Health check available at http://localhost:5000/health","service":"quiz-api","timestamp":"2025-12-28 01:49:12"}
{"level":"info","message":"Connected to the database successfully","service":"quiz-api","timestamp":"2025-12-28 01:59:44"}
{"level":"info","message":"Quiz API server is running on port 5000 in development mode","service":"quiz-api","timestamp":"2025-12-28 01:59:44"}
{"level":"info","message":"Health check available at http://localhost:5000/health","service":"quiz-api","timestamp":"2025-12-28 01:59:44"}
{"clientVersion":"6.19.0","errorCode":"P1001","level":"error","message":"Failed to start the server: Can't reach database server at `ep-winter-darkness-ahml26h8-pooler.c-3.us-east-1.aws.neon.tech:5432`\n\nPlease make sure your database server is running at `ep-winter-darkness-ahml26h8-pooler.c-3.us-east-1.aws.neon.tech:5432`.","name":"PrismaClientInitializationError","service":"quiz-api","stack":"PrismaClientInitializationError: Can't reach database server at `ep-winter-darkness-ahml26h8-pooler.c-3.us-east-1.aws.neon.tech:5432`\n\nPlease make sure your database server is running at `ep-winter-darkness-ahml26h8-pooler.c-3.us-east-1.aws.neon.tech:5432`.\n    at r (C:\\PH-Level-2-Projects\\quiz-server\\node_modules\\@prisma\\client\\src\\runtime\\core\\engines\\library\\LibraryEngine.ts:440:17)\n    at startServer (C:\\PH-Level-2-Projects\\quiz-server\\src\\server.ts:10:5)","timestamp":"2025-12-28 02:02:42"}
{"level":"info","message":"Connected to the database successfully","service":"quiz-api","timestamp":"2025-12-28 02:05:21"}
{"level":"info","message":"Quiz API server is running on port 5000 in development mode","service":"quiz-api","timestamp":"2025-12-28 02:05:21"}
{"level":"info","message":"Health check available at http://localhost:5000/health","service":"quiz-api","timestamp":"2025-12-28 02:05:21"}
{"level":"info","message":"SIGINT received, shutting down gracefully","service":"quiz-api","timestamp":"2025-12-28 02:05:55"}
{"level":"info","message":"Connected to the database successfully","service":"quiz-api","timestamp":"2025-12-28 10:37:01"}
{"level":"info","message":"Quiz API server is running on port 5000 in development mode","service":"quiz-api","timestamp":"2025-12-28 10:37:01"}
{"level":"info","message":"Health check available at http://localhost:5000/health","service":"quiz-api","timestamp":"2025-12-28 10:37:01"}
{"level":"info","message":"SIGINT received, shutting down gracefully","service":"quiz-api","timestamp":"2025-12-28 11:08:03"}
{"level":"info","message":"Connected to the database successfully","service":"quiz-api","timestamp":"2025-12-28 11:10:00"}
{"level":"info","message":"Quiz API server is running on port 5000 in development mode","service":"quiz-api","timestamp":"2025-12-28 11:10:00"}
{"level":"info","message":"Health check available at http://localhost:5000/health","service":"quiz-api","timestamp":"2025-12-28 11:10:00"}
{"level":"info","message":"Connected to the database successfully","service":"quiz-api","timestamp":"2025-12-28 11:13:42"}
{"level":"info","message":"Quiz API server is running on port 5000 in development mode","service":"quiz-api","timestamp":"2025-12-28 11:13:42"}
{"level":"info","message":"Health check available at http://localhost:5000/health","service":"quiz-api","timestamp":"2025-12-28 11:13:42"}
{"level":"info","message":"Connected to the database successfully","service":"quiz-api","timestamp":"2025-12-28 11:38:54"}
{"level":"info","message":"Quiz API server is running on port 5000 in development mode","service":"quiz-api","timestamp":"2025-12-28 11:38:54"}
{"level":"info","message":"Health check available at http://localhost:5000/health","service":"quiz-api","timestamp":"2025-12-28 11:38:54"}
{"level":"info","message":"SIGINT received, shutting down gracefully","service":"quiz-api","timestamp":"2025-12-28 11:41:53"}
{"level":"info","message":"Connected to the database successfully","service":"quiz-api","timestamp":"2025-12-28 11:41:58"}
{"level":"info","message":"Quiz API server is running on port 5000 in development mode","service":"quiz-api","timestamp":"2025-12-28 11:41:58"}
{"level":"info","message":"Health check available at http://localhost:5000/health","service":"quiz-api","timestamp":"2025-12-28 11:41:58"}
{"level":"info","message":"Connected to the database successfully","service":"quiz-api","timestamp":"2025-12-28 14:59:15"}
{"level":"info","message":"Quiz API server is running on port 5000 in development mode","service":"quiz-api","timestamp":"2025-12-28 14:59:15"}
{"level":"info","message":"Health check available at http://localhost:5000/health","service":"quiz-api","timestamp":"2025-12-28 14:59:15"}
{"level":"info","message":"Connected to the database successfully","service":"quiz-api","timestamp":"2025-12-28 15:18:04"}
{"level":"info","message":"Quiz API server is running on port 5000 in development mode","service":"quiz-api","timestamp":"2025-12-28 15:18:04"}
{"level":"info","message":"Health check available at http://localhost:5000/health","service":"quiz-api","timestamp":"2025-12-28 15:18:04"}
{"level":"info","message":"Connected to the database successfully","service":"quiz-api","timestamp":"2025-12-28 15:18:12"}
{"level":"info","message":"Quiz API server is running on port 5000 in development mode","service":"quiz-api","timestamp":"2025-12-28 15:18:12"}
{"level":"info","message":"Health check available at http://localhost:5000/health","service":"quiz-api","timestamp":"2025-12-28 15:18:12"}
{"level":"info","message":"Connected to the database successfully","service":"quiz-api","timestamp":"2025-12-28 15:20:17"}
{"level":"info","message":"Quiz API server is running on port 5000 in development mode","service":"quiz-api","timestamp":"2025-12-28 15:20:17"}
{"level":"info","message":"Health check available at http://localhost:5000/health","service":"quiz-api","timestamp":"2025-12-28 15:20:17"}
{"level":"info","message":"Connected to the database successfully","service":"quiz-api","timestamp":"2025-12-28 15:21:15"}
{"level":"info","message":"Quiz API server is running on port 5000 in development mode","service":"quiz-api","timestamp":"2025-12-28 15:21:15"}
{"level":"info","message":"Health check available at http://localhost:5000/health","service":"quiz-api","timestamp":"2025-12-28 15:21:15"}
{"level":"info","message":"Connected to the database successfully","service":"quiz-api","timestamp":"2025-12-28 15:21:47"}
{"level":"info","message":"Quiz API server is running on port 5000 in development mode","service":"quiz-api","timestamp":"2025-12-28 15:21:47"}
{"level":"info","message":"Health check available at http://localhost:5000/health","service":"quiz-api","timestamp":"2025-12-28 15:21:47"}
{"level":"info","message":"Connected to the database successfully","service":"quiz-api","timestamp":"2025-12-28 16:40:50"}
{"level":"info","message":"Quiz API server is running on port 5000 in development mode","service":"quiz-api","timestamp":"2025-12-28 16:40:50"}
{"level":"info","message":"Health check available at http://localhost:5000/health","service":"quiz-api","timestamp":"2025-12-28 16:40:50"}
{"level":"info","message":"Connected to the database successfully","service":"quiz-api","timestamp":"2025-12-28 16:40:56"}
{"level":"info","message":"Quiz API server is running on port 5000 in development mode","service":"quiz-api","timestamp":"2025-12-28 16:40:56"}
{"level":"info","message":"Health check available at http://localhost:5000/health","service":"quiz-api","timestamp":"2025-12-28 16:40:56"}
{"level":"info","message":"Connected to the database successfully","service":"quiz-api","timestamp":"2025-12-28 16:41:02"}
{"level":"info","message":"Quiz API server is running on port 5000 in development mode","service":"quiz-api","timestamp":"2025-12-28 16:41:02"}
{"level":"info","message":"Health check available at http://localhost:5000/health","service":"quiz-api","timestamp":"2025-12-28 16:41:02"}
{"level":"info","message":"Connected to the database successfully","service":"quiz-api","timestamp":"2025-12-28 16:42:12"}
{"level":"info","message":"Quiz API server is running on port 5000 in development mode","service":"quiz-api","timestamp":"2025-12-28 16:42:12"}
{"level":"info","message":"Health check available at http://localhost:5000/health","service":"quiz-api","timestamp":"2025-12-28 16:42:12"}
{"level":"info","message":"Connected to the database successfully","service":"quiz-api","timestamp":"2025-12-28 16:42:26"}
{"level":"info","message":"Quiz API server is running on port 5000 in development mode","service":"quiz-api","timestamp":"2025-12-28 16:42:26"}
{"level":"info","message":"Health check available at http://localhost:5000/health","service":"quiz-api","timestamp":"2025-12-28 16:42:26"}
{"level":"info","message":"Connected to the database successfully","service":"quiz-api","timestamp":"2025-12-28 17:00:30"}
{"level":"info","message":"Quiz API server is running on port 5000 in development mode","service":"quiz-api","timestamp":"2025-12-28 17:00:30"}
{"level":"info","message":"Health check available at http://localhost:5000/health","service":"quiz-api","timestamp":"2025-12-28 17:00:30"}
{"level":"info","message":"Connected to the database successfully","service":"quiz-api","timestamp":"2025-12-28 17:01:57"}
{"level":"info","message":"Quiz API server is running on port 5000 in development mode","service":"quiz-api","timestamp":"2025-12-28 17:01:57"}
{"level":"info","message":"Health check available at http://localhost:5000/health","service":"quiz-api","timestamp":"2025-12-28 17:01:57"}
{"clientVersion":"6.19.0","level":"error","message":"Error fetching certificates: \nInvalid `prisma.certificate.findMany()` invocation in\nC:\\PH-Level-2-Projects\\quiz-server\\src\\controllers\\admin.controller.ts:756:51\n\n  753 };\n  754 \n  755 const { skip } = paginationHelper.calculatePagination(options);\n→ 756 const certificates = await prisma.certificate.findMany({\n        include: {\n          skip: 0,\n          ~~~~\n          limit: 10,\n          user: {\n            select: {\n              id: true,\n              full_name: true,\n              email: true\n            }\n          },\n          quiz: {\n            select: {\n              id: true,\n              title: true\n            }\n          }\n        },\n        orderBy: {\n          issued_at: \"desc\"\n        }\n      })\n\nUnknown field `skip` for include statement on model `Certificate`. Available options are marked with ?.","name":"PrismaClientValidationError","service":"quiz-api","stack":"PrismaClientValidationError: \nInvalid `prisma.certificate.findMany()` invocation in\nC:\\PH-Level-2-Projects\\quiz-server\\src\\controllers\\admin.controller.ts:756:51\n\n  753 };\n  754 \n  755 const { skip } = paginationHelper.calculatePagination(options);\n→ 756 const certificates = await prisma.certificate.findMany({\n        include: {\n          skip: 0,\n          ~~~~\n          limit: 10,\n          user: {\n            select: {\n              id: true,\n              full_name: true,\n              email: true\n            }\n          },\n          quiz: {\n            select: {\n              id: true,\n              title: true\n            }\n          }\n        },\n        orderBy: {\n          issued_at: \"desc\"\n        }\n      })\n\nUnknown field `skip` for include statement on model `Certificate`. Available options are marked with ?.\n    at Nn (C:\\PH-Level-2-Projects\\quiz-server\\node_modules\\@prisma\\client\\src\\runtime\\core\\errorRendering\\throwValidationException.ts:45:9)\n    at ei.throwValidationException [as handleRequestError] (C:\\PH-Level-2-Projects\\quiz-server\\node_modules\\@prisma\\client\\src\\runtime\\RequestHandler.ts:202:7)\n    at ei.handleAndLogRequestError (C:\\PH-Level-2-Projects\\quiz-server\\node_modules\\@prisma\\client\\src\\runtime\\RequestHandler.ts:174:12)\n    at ei.request (C:\\PH-Level-2-Projects\\quiz-server\\node_modules\\@prisma\\client\\src\\runtime\\RequestHandler.ts:143:12)\n    at a (C:\\PH-Level-2-Projects\\quiz-server\\node_modules\\@prisma\\client\\src\\runtime\\getPrismaClient.ts:833:24)\n    at getAllCertificates (C:\\PH-Level-2-Projects\\quiz-server\\src\\controllers\\admin.controller.ts:756:26)","timestamp":"2025-12-28 17:01:58"}
{"level":"info","message":"Connected to the database successfully","service":"quiz-api","timestamp":"2025-12-28 17:02:22"}
{"level":"info","message":"Quiz API server is running on port 5000 in development mode","service":"quiz-api","timestamp":"2025-12-28 17:02:22"}
{"level":"info","message":"Health check available at http://localhost:5000/health","service":"quiz-api","timestamp":"2025-12-28 17:02:22"}
{"level":"info","message":"Connected to the database successfully","service":"quiz-api","timestamp":"2025-12-28 17:02:36"}
{"level":"info","message":"Quiz API server is running on port 5000 in development mode","service":"quiz-api","timestamp":"2025-12-28 17:02:36"}
{"level":"info","message":"Health check available at http://localhost:5000/health","service":"quiz-api","timestamp":"2025-12-28 17:02:36"}
{"level":"info","message":"SIGINT received, shutting down gracefully","service":"quiz-api","timestamp":"2025-12-28 17:03:04"}
{"level":"info","message":"Connected to the database successfully","service":"quiz-api","timestamp":"2025-12-28 17:03:09"}
{"level":"info","message":"Quiz API server is running on port 5000 in development mode","service":"quiz-api","timestamp":"2025-12-28 17:03:09"}
{"level":"info","message":"Health check available at http://localhost:5000/health","service":"quiz-api","timestamp":"2025-12-28 17:03:09"}
{"level":"info","message":"Connected to the database successfully","service":"quiz-api","timestamp":"2025-12-28 17:12:14"}
{"level":"info","message":"Quiz API server is running on port 5000 in development mode","service":"quiz-api","timestamp":"2025-12-28 17:12:14"}
{"level":"info","message":"Health check available at http://localhost:5000/health","service":"quiz-api","timestamp":"2025-12-28 17:12:14"}
{"level":"info","message":"Connected to the database successfully","service":"quiz-api","timestamp":"2025-12-28 17:29:38"}
{"level":"info","message":"Quiz API server is running on port 5000 in development mode","service":"quiz-api","timestamp":"2025-12-28 17:29:38"}
{"level":"info","message":"Health check available at http://localhost:5000/health","service":"quiz-api","timestamp":"2025-12-28 17:29:38"}
{"level":"info","message":"Connected to the database successfully","service":"quiz-api","timestamp":"2025-12-28 17:29:54"}
{"level":"info","message":"Quiz API server is running on port 5000 in development mode","service":"quiz-api","timestamp":"2025-12-28 17:29:54"}
{"level":"info","message":"Health check available at http://localhost:5000/health","service":"quiz-api","timestamp":"2025-12-28 17:29:54"}
{"level":"info","message":"Connected to the database successfully","service":"quiz-api","timestamp":"2025-12-28 17:30:08"}
{"level":"info","message":"Quiz API server is running on port 5000 in development mode","service":"quiz-api","timestamp":"2025-12-28 17:30:08"}
{"level":"info","message":"Health check available at http://localhost:5000/health","service":"quiz-api","timestamp":"2025-12-28 17:30:08"}
{"level":"info","message":"Connected to the database successfully","service":"quiz-api","timestamp":"2025-12-28 17:30:21"}
{"level":"info","message":"Quiz API server is running on port 5000 in development mode","service":"quiz-api","timestamp":"2025-12-28 17:30:21"}
{"level":"info","message":"Health check available at http://localhost:5000/health","service":"quiz-api","timestamp":"2025-12-28 17:30:21"}
{"level":"info","message":"Connected to the database successfully","service":"quiz-api","timestamp":"2025-12-28 17:30:37"}
{"level":"info","message":"Quiz API server is running on port 5000 in development mode","service":"quiz-api","timestamp":"2025-12-28 17:30:37"}
{"level":"info","message":"Health check available at http://localhost:5000/health","service":"quiz-api","timestamp":"2025-12-28 17:30:37"}
{"level":"info","message":"Connected to the database successfully","service":"quiz-api","timestamp":"2025-12-28 17:30:49"}
{"level":"info","message":"Quiz API server is running on port 5000 in development mode","service":"quiz-api","timestamp":"2025-12-28 17:30:49"}
{"level":"info","message":"Health check available at http://localhost:5000/health","service":"quiz-api","timestamp":"2025-12-28 17:30:49"}
{"level":"info","message":"Connected to the database successfully","service":"quiz-api","timestamp":"2025-12-28 17:31:11"}
{"level":"info","message":"Quiz API server is running on port 5000 in development mode","service":"quiz-api","timestamp":"2025-12-28 17:31:11"}
{"level":"info","message":"Health check available at http://localhost:5000/health","service":"quiz-api","timestamp":"2025-12-28 17:31:11"}
{"level":"info","message":"Connected to the database successfully","service":"quiz-api","timestamp":"2025-12-28 17:31:26"}
{"level":"info","message":"Quiz API server is running on port 5000 in development mode","service":"quiz-api","timestamp":"2025-12-28 17:31:26"}
{"level":"info","message":"Health check available at http://localhost:5000/health","service":"quiz-api","timestamp":"2025-12-28 17:31:26"}
{"level":"info","message":"Connected to the database successfully","service":"quiz-api","timestamp":"2025-12-28 17:33:19"}
{"level":"info","message":"Quiz API server is running on port 5000 in development mode","service":"quiz-api","timestamp":"2025-12-28 17:33:19"}
{"level":"info","message":"Health check available at http://localhost:5000/health","service":"quiz-api","timestamp":"2025-12-28 17:33:19"}
{"level":"info","message":"Connected to the database successfully","service":"quiz-api","timestamp":"2025-12-28 17:58:47"}
{"level":"info","message":"Quiz API server is running on port 5000 in development mode","service":"quiz-api","timestamp":"2025-12-28 17:58:47"}
{"level":"info","message":"Health check available at http://localhost:5000/health","service":"quiz-api","timestamp":"2025-12-28 17:58:47"}
{"level":"info","message":"SIGINT received, shutting down gracefully","service":"quiz-api","timestamp":"2025-12-28 17:59:21"}
{"level":"info","message":"Connected to the database successfully","service":"quiz-api","timestamp":"2025-12-28 17:59:26"}
{"level":"info","message":"Quiz API server is running on port 5000 in development mode","service":"quiz-api","timestamp":"2025-12-28 17:59:26"}
{"level":"info","message":"Health check available at http://localhost:5000/health","service":"quiz-api","timestamp":"2025-12-28 17:59:26"}
{"level":"info","message":"Connected to the database successfully","service":"quiz-api","timestamp":"2025-12-28 18:16:51"}
{"level":"info","message":"Quiz API server is running on port 5000 in development mode","service":"quiz-api","timestamp":"2025-12-28 18:16:51"}
{"level":"info","message":"Health check available at http://localhost:5000/health","service":"quiz-api","timestamp":"2025-12-28 18:16:51"}
{"level":"info","message":"Connected to the database successfully","service":"quiz-api","timestamp":"2025-12-28 18:25:22"}
{"level":"info","message":"Quiz API server is running on port 5000 in development mode","service":"quiz-api","timestamp":"2025-12-28 18:25:22"}
{"level":"info","message":"Health check available at http://localhost:5000/health","service":"quiz-api","timestamp":"2025-12-28 18:25:22"}
{"level":"info","message":"Connected to the database successfully","service":"quiz-api","timestamp":"2025-12-28 18:26:22"}
{"level":"info","message":"Quiz API server is running on port 5000 in development mode","service":"quiz-api","timestamp":"2025-12-28 18:26:22"}
{"level":"info","message":"Health check available at http://localhost:5000/health","service":"quiz-api","timestamp":"2025-12-28 18:26:22"}
{"level":"info","message":"Connected to the database successfully","service":"quiz-api","timestamp":"2025-12-28 19:09:00"}
{"level":"info","message":"Quiz API server is running on port 5000 in development mode","service":"quiz-api","timestamp":"2025-12-28 19:09:00"}
{"level":"info","message":"Health check available at http://localhost:5000/health","service":"quiz-api","timestamp":"2025-12-28 19:09:00"}
{"level":"info","message":"SIGINT received, shutting down gracefully","service":"quiz-api","timestamp":"2025-12-28 19:09:26"}
{"level":"info","message":"Connected to the database successfully","service":"quiz-api","timestamp":"2025-12-28 19:09:33"}
{"level":"info","message":"Quiz API server is running on port 5000 in development mode","service":"quiz-api","timestamp":"2025-12-28 19:09:33"}
{"level":"info","message":"Health check available at http://localhost:5000/health","service":"quiz-api","timestamp":"2025-12-28 19:09:33"}
{"level":"error","message":"Update user profile error: Must supply api_key","service":"quiz-api","stack":"Error: Must supply api_key\n    at ensureOption (C:\\PH-Level-2-Projects\\quiz-server\\node_modules\\.pnpm\\cloudinary@2.8.0\\node_modules\\cloudinary\\lib\\utils\\ensureOption.js:19:13)\n    at Object.sign_request (C:\\PH-Level-2-Projects\\quiz-server\\node_modules\\.pnpm\\cloudinary@2.8.0\\node_modules\\cloudinary\\lib\\utils\\index.js:1151:16)\n    at Object.process_request_params (C:\\PH-Level-2-Projects\\quiz-server\\node_modules\\.pnpm\\cloudinary@2.8.0\\node_modules\\cloudinary\\lib\\utils\\index.js:1203:22)\n    at call_api (C:\\PH-Level-2-Projects\\quiz-server\\node_modules\\.pnpm\\cloudinary@2.8.0\\node_modules\\cloudinary\\lib\\uploader.js:474:18)\n    at Object.destroy (C:\\PH-Level-2-Projects\\quiz-server\\node_modules\\.pnpm\\cloudinary@2.8.0\\node_modules\\cloudinary\\lib\\uploader.js:204:10)\n    at Object.destroy (C:\\PH-Level-2-Projects\\quiz-server\\node_modules\\.pnpm\\cloudinary@2.8.0\\node_modules\\cloudinary\\lib\\utils\\index.js:1402:21)\n    at deleteFromCloudinary (C:\\PH-Level-2-Projects\\quiz-server\\src\\utils\\fileUploader.ts:65:29)\n    at Object.uploadToCloudinary (C:\\PH-Level-2-Projects\\quiz-server\\src\\utils\\fileUploader.ts:75:25)\n    at updateUserProfile (C:\\PH-Level-2-Projects\\quiz-server\\src\\controllers\\user.controller.ts:75:48)","timestamp":"2025-12-28 19:11:00"}
{"level":"info","message":"Connected to the database successfully","service":"quiz-api","timestamp":"2025-12-28 19:14:47"}
{"level":"info","message":"Quiz API server is running on port 5000 in development mode","service":"quiz-api","timestamp":"2025-12-28 19:14:47"}
{"level":"info","message":"Health check available at http://localhost:5000/health","service":"quiz-api","timestamp":"2025-12-28 19:14:47"}
{"level":"error","message":"Update user profile error: Must supply api_key","service":"quiz-api","stack":"Error: Must supply api_key\n    at ensureOption (C:\\PH-Level-2-Projects\\quiz-server\\node_modules\\.pnpm\\cloudinary@2.8.0\\node_modules\\cloudinary\\lib\\utils\\ensureOption.js:19:13)\n    at Object.sign_request (C:\\PH-Level-2-Projects\\quiz-server\\node_modules\\.pnpm\\cloudinary@2.8.0\\node_modules\\cloudinary\\lib\\utils\\index.js:1151:16)\n    at Object.process_request_params (C:\\PH-Level-2-Projects\\quiz-server\\node_modules\\.pnpm\\cloudinary@2.8.0\\node_modules\\cloudinary\\lib\\utils\\index.js:1203:22)\n    at call_api (C:\\PH-Level-2-Projects\\quiz-server\\node_modules\\.pnpm\\cloudinary@2.8.0\\node_modules\\cloudinary\\lib\\uploader.js:474:18)\n    at Object.destroy (C:\\PH-Level-2-Projects\\quiz-server\\node_modules\\.pnpm\\cloudinary@2.8.0\\node_modules\\cloudinary\\lib\\uploader.js:204:10)\n    at Object.destroy (C:\\PH-Level-2-Projects\\quiz-server\\node_modules\\.pnpm\\cloudinary@2.8.0\\node_modules\\cloudinary\\lib\\utils\\index.js:1402:21)\n    at deleteFromCloudinary (C:\\PH-Level-2-Projects\\quiz-server\\src\\utils\\fileUploader.ts:96:29)\n    at Object.uploadToCloudinary (C:\\PH-Level-2-Projects\\quiz-server\\src\\utils\\fileUploader.ts:106:25)\n    at updateUserProfile (C:\\PH-Level-2-Projects\\quiz-server\\src\\controllers\\user.controller.ts:75:48)","timestamp":"2025-12-28 19:15:20"}
{"level":"info","message":"SIGINT received, shutting down gracefully","service":"quiz-api","timestamp":"2025-12-28 19:16:43"}
{"level":"info","message":"Connected to the database successfully","service":"quiz-api","timestamp":"2025-12-28 19:17:14"}
{"level":"info","message":"Quiz API server is running on port 5000 in development mode","service":"quiz-api","timestamp":"2025-12-28 19:17:14"}
{"level":"info","message":"Health check available at http://localhost:5000/health","service":"quiz-api","timestamp":"2025-12-28 19:17:14"}
{"level":"info","message":"SIGINT received, shutting down gracefully","service":"quiz-api","timestamp":"2025-12-28 19:19:30"}
{"level":"info","message":"Connected to the database successfully","service":"quiz-api","timestamp":"2025-12-28 19:24:11"}
{"level":"info","message":"Quiz API server is running on port 5000 in development mode","service":"quiz-api","timestamp":"2025-12-28 19:24:11"}
{"level":"info","message":"Health check available at http://localhost:5000/health","service":"quiz-api","timestamp":"2025-12-28 19:24:11"}
{"level":"info","message":"SIGINT received, shutting down gracefully","service":"quiz-api","timestamp":"2025-12-28 19:27:41"}
{"level":"info","message":"Connected to the database successfully","service":"quiz-api","timestamp":"2025-12-28 23:25:20"}
{"level":"info","message":"Quiz API server is running on port 5000 in development mode","service":"quiz-api","timestamp":"2025-12-28 23:25:20"}
{"level":"info","message":"Health check available at http://localhost:5000/health","service":"quiz-api","timestamp":"2025-12-28 23:25:20"}
{"level":"info","message":"SIGINT received, shutting down gracefully","service":"quiz-api","timestamp":"2025-12-28 23:52:40"}
{"level":"info","message":"Connected to the database successfully","service":"quiz-api","timestamp":"2025-12-29 11:04:16"}
{"level":"info","message":"Quiz API server is running on port 5000 in development mode","service":"quiz-api","timestamp":"2025-12-29 11:04:16"}
{"level":"info","message":"Health check available at http://localhost:5000/health","service":"quiz-api","timestamp":"2025-12-29 11:04:16"}
{"level":"info","message":"SIGINT received, shutting down gracefully","service":"quiz-api","timestamp":"2025-12-29 11:12:58"}
{"level":"info","message":"Connected to the database successfully","service":"quiz-api","timestamp":"2025-12-29 11:33:49"}
{"level":"info","message":"Quiz API server is running on port 5000 in development mode","service":"quiz-api","timestamp":"2025-12-29 11:33:49"}
{"level":"info","message":"Health check available at http://localhost:5000/health","service":"quiz-api","timestamp":"2025-12-29 11:33:49"}
{"level":"info","message":"SIGINT received, shutting down gracefully","service":"quiz-api","timestamp":"2025-12-29 16:00:15"}
{"level":"info","message":"Database connection closed","service":"quiz-api","timestamp":"2025-12-29 16:00:15"}
{"level":"info","message":"Connected to the database successfully","service":"quiz-api","timestamp":"2025-12-29 16:00:22"}
{"level":"info","message":"Quiz API server is running on port 5000 in development mode","service":"quiz-api","timestamp":"2025-12-29 16:00:22"}
{"level":"info","message":"Health check available at http://localhost:5000/health","service":"quiz-api","timestamp":"2025-12-29 16:00:22"}
{"level":"info","message":"SIGINT received, shutting down gracefully","service":"quiz-api","timestamp":"2025-12-29 16:43:57"}
{"level":"info","message":"Connected to the database successfully","service":"quiz-api","timestamp":"2025-12-29 16:44:07"}
{"level":"info","message":"Quiz API server is running on port 5000 in development mode","service":"quiz-api","timestamp":"2025-12-29 16:44:07"}
{"level":"info","message":"Health check available at http://localhost:5000/health","service":"quiz-api","timestamp":"2025-12-29 16:44:07"}
{"level":"info","message":"SIGINT received, shutting down gracefully","service":"quiz-api","timestamp":"2025-12-29 17:26:04"}
{"level":"info","message":"Connected to the database successfully","service":"quiz-api","timestamp":"2025-12-29 17:26:11"}
{"level":"info","message":"Quiz API server is running on port 5000 in development mode","service":"quiz-api","timestamp":"2025-12-29 17:26:11"}
{"level":"info","message":"Health check available at http://localhost:5000/health","service":"quiz-api","timestamp":"2025-12-29 17:26:11"}
{"level":"info","message":"SIGINT received, shutting down gracefully","service":"quiz-api","timestamp":"2025-12-29 18:14:14"}
{"level":"info","message":"Connected to the database successfully","service":"quiz-api","timestamp":"2025-12-29 18:14:20"}
{"level":"info","message":"Quiz API server is running on port 5000 in development mode","service":"quiz-api","timestamp":"2025-12-29 18:14:20"}
{"level":"info","message":"Health check available at http://localhost:5000/health","service":"quiz-api","timestamp":"2025-12-29 18:14:20"}
{"level":"info","message":"Connected to the database successfully","service":"quiz-api","timestamp":"2025-12-29 18:22:11"}
{"level":"info","message":"Quiz API server is running on port 5000 in development mode","service":"quiz-api","timestamp":"2025-12-29 18:22:11"}
{"level":"info","message":"Health check available at http://localhost:5000/health","service":"quiz-api","timestamp":"2025-12-29 18:22:11"}
{"level":"info","message":"SIGINT received, shutting down gracefully","service":"quiz-api","timestamp":"2025-12-29 18:22:24"}
{"level":"info","message":"Connected to the database successfully","service":"quiz-api","timestamp":"2025-12-29 18:31:40"}
{"level":"info","message":"Quiz API server is running on port 5000 in development mode","service":"quiz-api","timestamp":"2025-12-29 18:31:40"}
{"level":"info","message":"Health check available at http://localhost:5000/health","service":"quiz-api","timestamp":"2025-12-29 18:31:40"}
{"level":"info","message":"Connected to the database successfully","service":"quiz-api","timestamp":"2025-12-29 18:35:14"}
{"level":"info","message":"Quiz API server is running on port 5000 in development mode","service":"quiz-api","timestamp":"2025-12-29 18:35:14"}
{"level":"info","message":"Health check available at http://localhost:5000/health","service":"quiz-api","timestamp":"2025-12-29 18:35:14"}
{"level":"info","message":"Connected to the database successfully","service":"quiz-api","timestamp":"2025-12-29 18:36:45"}
{"level":"info","message":"Quiz API server is running on port 5000 in development mode","service":"quiz-api","timestamp":"2025-12-29 18:36:45"}
{"level":"info","message":"Health check available at http://localhost:5000/health","service":"quiz-api","timestamp":"2025-12-29 18:36:45"}
{"level":"info","message":"Connected to the database successfully","service":"quiz-api","timestamp":"2025-12-29 18:37:16"}
{"level":"info","message":"Quiz API server is running on port 5000 in development mode","service":"quiz-api","timestamp":"2025-12-29 18:37:16"}
{"level":"info","message":"Health check available at http://localhost:5000/health","service":"quiz-api","timestamp":"2025-12-29 18:37:16"}
{"level":"info","message":"Connected to the database successfully","service":"quiz-api","timestamp":"2025-12-29 19:06:36"}
{"level":"info","message":"Quiz API server is running on port 5000 in development mode","service":"quiz-api","timestamp":"2025-12-29 19:06:36"}
{"level":"info","message":"Health check available at http://localhost:5000/health","service":"quiz-api","timestamp":"2025-12-29 19:06:36"}
{"level":"info","message":"Connected to the database successfully","service":"quiz-api","timestamp":"2025-12-29 19:07:07"}
{"level":"info","message":"Quiz API server is running on port 5000 in development mode","service":"quiz-api","timestamp":"2025-12-29 19:07:07"}
{"level":"info","message":"Health check available at http://localhost:5000/health","service":"quiz-api","timestamp":"2025-12-29 19:07:07"}
{"level":"info","message":"Connected to the database successfully","service":"quiz-api","timestamp":"2025-12-29 19:08:58"}
{"level":"info","message":"Quiz API server is running on port 5000 in development mode","service":"quiz-api","timestamp":"2025-12-29 19:08:58"}
{"level":"info","message":"Health check available at http://localhost:5000/health","service":"quiz-api","timestamp":"2025-12-29 19:08:58"}
{"clientVersion":"6.19.1","level":"error","message":"Error creating question: \nInvalid `prisma.question.create()` invocation in\nC:\\PH-Level-2-Projects\\quiz-server\\src\\controllers\\question.controller.ts:157:44\n\n  154 }\n  155 \n  156 // Create the question\n→ 157 const question = await prisma.question.create({\n        data: {\n          quiz_id: undefined,\n          question_text: undefined,\n          points: 1,\n          display_order: 0,\n          question_image_url: undefined,\n          metadata: {},\n      +   question_type: String\n        }\n      })\n\nArgument `question_type` is missing.","name":"PrismaClientValidationError","service":"quiz-api","stack":"PrismaClientValidationError: \nInvalid `prisma.question.create()` invocation in\nC:\\PH-Level-2-Projects\\quiz-server\\src\\controllers\\question.controller.ts:157:44\n\n  154 }\n  155 \n  156 // Create the question\n→ 157 const question = await prisma.question.create({\n        data: {\n          quiz_id: undefined,\n          question_text: undefined,\n          points: 1,\n          display_order: 0,\n          question_image_url: undefined,\n          metadata: {},\n      +   question_type: String\n        }\n      })\n\nArgument `question_type` is missing.\n    at throwValidationException (C:\\PH-Level-2-Projects\\quiz-server\\node_modules\\.pnpm\\@prisma+client@6.19.1_prism_d4c309513f45d21f4e4aa7921d8002c7\\node_modules\\@prisma\\client\\src\\runtime\\core\\errorRendering\\throwValidationException.ts:45:9)\n    at ei.handleRequestError (C:\\PH-Level-2-Projects\\quiz-server\\node_modules\\.pnpm\\@prisma+client@6.19.1_prism_d4c309513f45d21f4e4aa7921d8002c7\\node_modules\\@prisma\\client\\src\\runtime\\RequestHandler.ts:202:7)\n    at ei.handleAndLogRequestError (C:\\PH-Level-2-Projects\\quiz-server\\node_modules\\.pnpm\\@prisma+client@6.19.1_prism_d4c309513f45d21f4e4aa7921d8002c7\\node_modules\\@prisma\\client\\src\\runtime\\RequestHandler.ts:174:12)\n    at ei.request (C:\\PH-Level-2-Projects\\quiz-server\\node_modules\\.pnpm\\@prisma+client@6.19.1_prism_d4c309513f45d21f4e4aa7921d8002c7\\node_modules\\@prisma\\client\\src\\runtime\\RequestHandler.ts:143:12)\n    at a (C:\\PH-Level-2-Projects\\quiz-server\\node_modules\\.pnpm\\@prisma+client@6.19.1_prism_d4c309513f45d21f4e4aa7921d8002c7\\node_modules\\@prisma\\client\\src\\runtime\\getPrismaClient.ts:833:24)\n    at createQuestion (C:\\PH-Level-2-Projects\\quiz-server\\src\\controllers\\question.controller.ts:157:22)","timestamp":"2025-12-29 19:09:03"}
{"level":"info","message":"Connected to the database successfully","service":"quiz-api","timestamp":"2025-12-29 19:09:20"}
{"level":"info","message":"Quiz API server is running on port 5000 in development mode","service":"quiz-api","timestamp":"2025-12-29 19:09:20"}
{"level":"info","message":"Health check available at http://localhost:5000/health","service":"quiz-api","timestamp":"2025-12-29 19:09:20"}
{"clientVersion":"6.19.1","level":"error","message":"Error creating question: \nInvalid `prisma.question.create()` invocation in\nC:\\PH-Level-2-Projects\\quiz-server\\src\\controllers\\question.controller.ts:157:44\n\n  154 }\n  155 \n  156 // Create the question\n→ 157 const question = await prisma.question.create({\n        data: {\n          quiz_id: undefined,\n          question_text: undefined,\n          points: 1,\n          display_order: 0,\n          question_image_url: undefined,\n          metadata: {},\n      +   question_type: String\n        }\n      })\n\nArgument `question_type` is missing.","name":"PrismaClientValidationError","service":"quiz-api","stack":"PrismaClientValidationError: \nInvalid `prisma.question.create()` invocation in\nC:\\PH-Level-2-Projects\\quiz-server\\src\\controllers\\question.controller.ts:157:44\n\n  154 }\n  155 \n  156 // Create the question\n→ 157 const question = await prisma.question.create({\n        data: {\n          quiz_id: undefined,\n          question_text: undefined,\n          points: 1,\n          display_order: 0,\n          question_image_url: undefined,\n          metadata: {},\n      +   question_type: String\n        }\n      })\n\nArgument `question_type` is missing.\n    at throwValidationException (C:\\PH-Level-2-Projects\\quiz-server\\node_modules\\.pnpm\\@prisma+client@6.19.1_prism_d4c309513f45d21f4e4aa7921d8002c7\\node_modules\\@prisma\\client\\src\\runtime\\core\\errorRendering\\throwValidationException.ts:45:9)\n    at ei.handleRequestError (C:\\PH-Level-2-Projects\\quiz-server\\node_modules\\.pnpm\\@prisma+client@6.19.1_prism_d4c309513f45d21f4e4aa7921d8002c7\\node_modules\\@prisma\\client\\src\\runtime\\RequestHandler.ts:202:7)\n    at ei.handleAndLogRequestError (C:\\PH-Level-2-Projects\\quiz-server\\node_modules\\.pnpm\\@prisma+client@6.19.1_prism_d4c309513f45d21f4e4aa7921d8002c7\\node_modules\\@prisma\\client\\src\\runtime\\RequestHandler.ts:174:12)\n    at ei.request (C:\\PH-Level-2-Projects\\quiz-server\\node_modules\\.pnpm\\@prisma+client@6.19.1_prism_d4c309513f45d21f4e4aa7921d8002c7\\node_modules\\@prisma\\client\\src\\runtime\\RequestHandler.ts:143:12)\n    at a (C:\\PH-Level-2-Projects\\quiz-server\\node_modules\\.pnpm\\@prisma+client@6.19.1_prism_d4c309513f45d21f4e4aa7921d8002c7\\node_modules\\@prisma\\client\\src\\runtime\\getPrismaClient.ts:833:24)\n    at createQuestion (C:\\PH-Level-2-Projects\\quiz-server\\src\\controllers\\question.controller.ts:157:22)","timestamp":"2025-12-29 19:09:31"}
{"level":"info","message":"Connected to the database successfully","service":"quiz-api","timestamp":"2025-12-29 19:09:58"}
{"level":"info","message":"Quiz API server is running on port 5000 in development mode","service":"quiz-api","timestamp":"2025-12-29 19:09:58"}
{"level":"info","message":"Health check available at http://localhost:5000/health","service":"quiz-api","timestamp":"2025-12-29 19:09:58"}
{"level":"info","message":"Connected to the database successfully","service":"quiz-api","timestamp":"2025-12-29 19:16:24"}
{"level":"info","message":"Quiz API server is running on port 5000 in development mode","service":"quiz-api","timestamp":"2025-12-29 19:16:24"}
{"level":"info","message":"Health check available at http://localhost:5000/health","service":"quiz-api","timestamp":"2025-12-29 19:16:24"}
{"level":"info","message":"SIGINT received, shutting down gracefully","service":"quiz-api","timestamp":"2025-12-29 19:17:40"}
{"level":"info","message":"Database connection closed","service":"quiz-api","timestamp":"2025-12-29 19:17:40"}
